---
source: gcode2svg/src/main.rs
expression: svg
---
Svg {
    min_x: 2.5,
    min_y: -47.5,
    max_x: 97.5,
    max_y: 47.5,
    parts: [
        "M0 0",
        "M2.500 2.500",
        "L47.500 47.500",
        "L47.500 47.500",
        "L48.647 46.734",
        "L50.000 46.464",
        "L51.353 46.734",
        "L52.500 47.500",
        "L97.500 2.500",
        "L97.500 2.500",
        "L96.734 1.353",
        "L96.464 0.000",
        "L96.734 -1.353",
        "L97.500 -2.500",
        "L52.500 -47.500",
        "L52.500 -47.500",
        "L51.353 -46.734",
        "L50.000 -46.464",
        "L48.647 -46.734",
        "L47.500 -47.500",
        "L2.500 -2.500",
        "L2.500 -2.500",
        "L3.266 -1.353",
        "L3.536 0.000",
        "L3.266 1.353",
        "L2.500 2.500",
    ],
}
