---
source: gcode2svg/src/main.rs
expression: svg
---
Svg {
    min_x: 1.464466094067262,
    min_y: -48.53553390593274,
    max_x: 98.53553390593274,
    max_y: 48.53553390593274,
    parts: [
        "M0 0",
        "M2.500 2.500",
        "L47.500 47.500",
        "L47.500 47.500",
        "L48.647 48.266",
        "L50.000 48.536",
        "L51.353 48.266",
        "L52.500 47.500",
        "L97.500 2.500",
        "L97.500 2.500",
        "L98.266 1.353",
        "L98.536 0.000",
        "L98.266 -1.353",
        "L97.500 -2.500",
        "L52.500 -47.500",
        "L52.500 -47.500",
        "L51.353 -48.266",
        "L50.000 -48.536",
        "L48.647 -48.266",
        "L47.500 -47.500",
        "L2.500 -2.500",
        "L2.500 -2.500",
        "L1.734 -1.353",
        "L1.464 -0.000",
        "L1.734 1.353",
        "L2.500 2.500",
    ],
}
