---
source: lib/src/binary/gcode_block/svg.rs
expression: svg
---
Svg {
    min_x: 1.4644660940672622,
    min_y: -48.53553390593274,
    max_x: 98.53553390593274,
    max_y: 48.53553390593274,
    parts: [
        "M0 0",
        "M2.500 2.500",
        "L47.500 47.500",
        "L47.500 47.500",
        "L48.036 47.940",
        "L48.647 48.266",
        "L49.310 48.468",
        "L50.000 48.536",
        "L50.690 48.468",
        "L51.353 48.266",
        "L51.964 47.940",
        "L52.500 47.500",
        "L97.500 2.500",
        "L97.500 2.500",
        "L97.940 1.964",
        "L98.266 1.353",
        "L98.468 0.690",
        "L98.536 0.000",
        "L98.468 -0.690",
        "L98.266 -1.353",
        "L97.940 -1.964",
        "L97.500 -2.500",
        "L52.500 -47.500",
        "L52.500 -47.500",
        "L51.964 -47.940",
        "L51.353 -48.266",
        "L50.690 -48.468",
        "L50.000 -48.536",
        "L49.310 -48.468",
        "L48.647 -48.266",
        "L48.036 -47.940",
        "L47.500 -47.500",
        "L2.500 -2.500",
        "L2.500 -2.500",
        "L2.060 -1.964",
        "L1.734 -1.353",
        "L1.532 -0.690",
        "L1.464 -0.000",
        "L1.532 0.690",
        "L1.734 1.353",
        "L2.060 1.964",
        "L2.500 2.500",
    ],
}
