---
source: lib/src/binary/gcode_block/svg.rs
expression: svg
---
Svg {
    min_x: -29.785533905932738,
    min_y: -29.785533905932738,
    max_x: 29.785533905932738,
    max_y: 29.785533905932738,
    parts: [
        "M0 0",
        "M20.000 -15.000",
        "L28.750 -6.250",
        "L28.750 -6.250",
        "L29.190 -5.714",
        "L29.516 -5.103",
        "L29.718 -4.440",
        "L29.786 -3.750",
        "L29.718 -3.060",
        "L29.516 -2.397",
        "L29.190 -1.786",
        "L28.750 -1.250",
        "L17.500 10.000",
        "L7.255 7.255",
        "L10.000 17.500",
        "L-1.250 28.750",
        "L-1.250 28.750",
        "L-1.786 29.190",
        "L-2.397 29.516",
        "L-3.060 29.718",
        "L-3.750 29.786",
        "L-4.440 29.718",
        "L-5.103 29.516",
        "L-5.714 29.190",
        "L-6.250 28.750",
        "L-15.000 20.000",
        "L-7.500 12.500",
        "L-7.500 12.500",
        "L-7.060 11.964",
        "L-6.734 11.353",
        "L-6.532 10.690",
        "L-6.464 10.000",
        "L-6.532 9.310",
        "L-6.734 8.647",
        "L-7.060 8.036",
        "L-7.500 7.500",
        "L-8.036 7.060",
        "L-8.647 6.734",
        "L-9.310 6.532",
        "L-10.000 6.464",
        "L-10.690 6.532",
        "L-11.353 6.734",
        "L-11.964 7.060",
        "L-12.500 7.500",
        "L-20.000 15.000",
        "L-28.750 6.250",
        "L-28.750 6.250",
        "L-29.190 5.714",
        "L-29.516 5.103",
        "L-29.718 4.440",
        "L-29.786 3.750",
        "L-29.718 3.060",
        "L-29.516 2.397",
        "L-29.190 1.786",
        "L-28.750 1.250",
        "L-17.500 -10.000",
        "L-7.050 -7.050",
        "L-10.000 -17.500",
        "L1.250 -28.750",
        "L1.250 -28.750",
        "L1.786 -29.190",
        "L2.397 -29.516",
        "L3.060 -29.718",
        "L3.750 -29.786",
        "L4.440 -29.718",
        "L5.103 -29.516",
        "L5.714 -29.190",
        "L6.250 -28.750",
        "L15.000 -20.000",
        "L10.000 -15.000",
        "L10.000 -15.000",
        "L9.560 -14.464",
        "L9.234 -13.853",
        "L9.032 -13.190",
        "L8.964 -12.500",
        "L9.032 -11.810",
        "L9.234 -11.147",
        "L9.560 -10.536",
        "L10.000 -10.000",
        "L10.536 -9.560",
        "L11.147 -9.234",
        "L11.810 -9.032",
        "L12.500 -8.964",
        "L13.190 -9.032",
        "L13.853 -9.234",
        "L14.464 -9.560",
        "L15.000 -10.000",
        "L20.000 -15.000",
        "L28.750 -6.250",
        "L28.750 -11.250",
    ],
}
