---
source: lib/src/binary/gcode_block/svg.rs
expression: svg
---
Svg {
    min_x: 2.5,
    min_y: -47.5,
    max_x: 97.5,
    max_y: 47.5,
    parts: [
        "M0 0",
        "M2.500 2.500",
        "L47.500 47.500",
        "L47.500 47.500",
        "L48.036 47.060",
        "L48.647 46.734",
        "L49.310 46.532",
        "L50.000 46.464",
        "L50.690 46.532",
        "L51.353 46.734",
        "L51.964 47.060",
        "L52.500 47.500",
        "L97.500 2.500",
        "L97.500 2.500",
        "L97.060 1.964",
        "L96.734 1.353",
        "L96.532 0.690",
        "L96.464 0.000",
        "L96.532 -0.690",
        "L96.734 -1.353",
        "L97.060 -1.964",
        "L97.500 -2.500",
        "L52.500 -47.500",
        "L52.500 -47.500",
        "L51.964 -47.060",
        "L51.353 -46.734",
        "L50.690 -46.532",
        "L50.000 -46.464",
        "L49.310 -46.532",
        "L48.647 -46.734",
        "L48.036 -47.060",
        "L47.500 -47.500",
        "L2.500 -2.500",
        "L2.500 -2.500",
        "L2.940 -1.964",
        "L3.266 -1.353",
        "L3.468 -0.690",
        "L3.536 0.000",
        "L3.468 0.690",
        "L3.266 1.353",
        "L2.940 1.964",
        "L2.500 2.500",
    ],
}
